// Jest Snapshot v1, https://goo.gl/fbAQLP

exports[`Prueba <GifGridItem /> <GifGridItem /> debe mostrar el componente correctamente 1`] = `
<div
  className="card animate__animated animate__bounce"
>
  <img
    alt="title"
    src="https://gif.dck.com.mx/"
  />
  <p>
    title
  </p>
  <p />
</div>
`;
